Last login: Thu Nov 17 21:15:56 on ttys000
Jeremys-MBP:~ jeremyfeder$ cd desktop
Jeremys-MBP:desktop jeremyfeder$ pwd
/Users/jeremyfeder/desktop
Jeremys-MBP:desktop jeremyfeder$ mkdir test
Jeremys-MBP:desktop jeremyfeder$ cd test
Jeremys-MBP:test jeremyfeder$ ls
Jeremys-MBP:test jeremyfeder$ touch index.html
Jeremys-MBP:test jeremyfeder$ touch styles.css
Jeremys-MBP:test jeremyfeder$ ls
index.html	styles.css
Jeremys-MBP:test jeremyfeder$ git init
Initialized empty Git repository in /Users/jeremyfeder/Desktop/test/.git/
Jeremys-MBP:test jeremyfeder$ git status
On branch master

Initial commit

Untracked files:
  (use "git add <file>..." to include in what will be committed)

	index.html
	styles.css

nothing added to commit but untracked files present (use "git add" to track)
Jeremys-MBP:test jeremyfeder$ git commit -m "added index.html and styles.css to Test repository"
On branch master

Initial commit

Untracked files:
	index.html
	styles.css

nothing added to commit but untracked files present
Jeremys-MBP:test jeremyfeder$ git a .
On branch master

Initial commit

Changes to be committed:
  (use "git rm --cached <file>..." to unstage)

	new file:   index.html
	new file:   styles.css

Jeremys-MBP:test jeremyfeder$ git commit -m "added index.html and styles.css to Test repository"
[master (root-commit) f896470] added index.html and styles.css to Test repository
 2 files changed, 14 insertions(+)
 create mode 100644 index.html
 create mode 100644 styles.css
Jeremys-MBP:test jeremyfeder$ git status
On branch master
nothing to commit, working tree clean
Jeremys-MBP:test jeremyfeder$ git a .
On branch master
Changes to be committed:
  (use "git reset HEAD <file>..." to unstage)

	modified:   index.html

Jeremys-MBP:test jeremyfeder$ commit -m "added to html"
-bash: commit: command not found
Jeremys-MBP:test jeremyfeder$ git commit -m "added to html"
[master 39f18c0] added to html
 1 file changed, 1 insertion(+), 1 deletion(-)
Jeremys-MBP:test jeremyfeder$ git status
On branch master
nothing to commit, working tree clean
Jeremys-MBP:test jeremyfeder$ git a .
On branch master
Changes to be committed:
  (use "git reset HEAD <file>..." to unstage)

	modified:   styles.css

Jeremys-MBP:test jeremyfeder$ git commit -m "added init to css"
[master a50381f] added init to css
 1 file changed, 1 insertion(+)
Jeremys-MBP:test jeremyfeder$ git status
On branch master
nothing to commit, working tree clean
Jeremys-MBP:test jeremyfeder$ git log
commit a50381f3313a44a167c484f289f56f23f9ea1d1a
Author: Jeremy Feder <J.Psycle@gmail.com>
Date:   Sat Nov 19 16:26:00 2016 -0500

    added init to css

commit 39f18c09190adeec64a6fd3ade4140fd3798dc36
Author: Jeremy Feder <J.Psycle@gmail.com>
Date:   Sat Nov 19 16:25:05 2016 -0500

    added to html

commit f896470f18761250087b3b897b894cbc469fceae
Author: Jeremy Feder <J.Psycle@gmail.com>
Date:   Sat Nov 19 16:23:38 2016 -0500

    added index.html and styles.css to Test repository
Jeremys-MBP:test jeremyfeder$ git revert a50381f
